POST /v3/tickets.rapidpro.io/messages HTTP/1.1
Host: api.mailgun.net
User-Agent: Go-http-client/1.1
Content-Length: 972
Authorization: Basic ****************
Content-Type: multipart/form-data; boundary=297611a6-b583-45c3-8587-d4e530c948f0
Accept-Encoding: gzip

--297611a6-b583-45c3-8587-d4e530c948f0
Content-Disposition: form-data; name="from"

Cathy via ACME <ticket+9688d21d-95aa-4bed-afc7-f31b35731a3d@tickets.rapidpro.io>
--297611a6-b583-45c3-8587-d4e530c948f0
Content-Disposition: form-data; name="to"

bob@acme.com
--297611a6-b583-45c3-8587-d4e530c948f0
Content-Disposition: form-data; name="subject"

Where are my cookies? Where are my cookies? Where are my cookies
--297611a6-b583-45c3-8587-d4e530c948f0
Content-Disposition: form-data; name="text"

New ticket opened
------------------------------------------------

Where are my cookies? Where are my cookies? Where are my cookies? Where are my cookies? Where are my cookies?

------------------------------------------------
* Reply to the contact by replying to this email
* Close this ticket by replying with CLOSE
* View this contact at http://app.rapidpro.io/contact/read/6393abc0-283d-4c9b-a1b3-641a035c34bf/

--297611a6-b583-45c3-8587-d4e530c948f0--
