GET /api/apps/public/684202ed-1461-4983-9ea7-fde74b15026c/room HTTP/1.1
Host: my.rocket.chat
User-Agent: Go-http-client/1.1
Content-Length: 170
Authorization: Token ****************
Content-Type: application/json
Accept-Encoding: gzip

{"visitor":{"token":"10000","contactUUID":"6393abc0-283d-4c9b-a1b3-641a035c34bf","name":"Cathy","phone":"+16055741111"},"ticketID":"59d74b86-3e2f-4a93-aece-b05d2fdcde0c"}